EB     (Bond stretch          ):   1.07378443
EA     (Angle bend            ):   1.63723168
EBA    (Stretch-bend          ):   0.01307343
EUB    (Urey Bradley          ):   0.00000000
EAA    (Angle-Angle           ):   0.00000000
EOPB   (Out of plane bend     ):   0.00679567
EOPD   (Out of plane distance ):   0.00000000
EID    (Improper dihedral     ):   0.00000000
EIT    (Improper torsion      ):   0.00000000
ET     (Torsional             ):   1.34171086
EPT    (Pi-system torsion     ):   0.00000298
EBT    (Stretch-torsion       ):   0.00000000
EAT    (Angle torsion         ):   0.00000000
ETT    (Torsion-torsion       ):   0.00000000
EV     (van der Waals         ):   3.17446381
ER     (Pauli Repulsion       ):   0.00000000
EDSP   (dampled dispersion    ):   0.00000000
EC     (charge-charge         ):   0.00000000
ECD    (charge-dipole         ):   0.00000000
ED     (dipole-dipole         ):   0.00000000
EM     (atomic multipole      ): -12.64976820
EP     (polarization energy   ):  -1.18081947
ECT    (Charge transfer       ):   0.00000000
ERXF   (reaction field        ):   0.00000000
ES     (solvation             ):   0.00000000
ELF    (Metal ligand          ):   0.00000000
EG     (Restraint             ):   0.00000000
EX     (Extra                 ):   0.00000000
