EB     (Bond stretch          ): 163.84094542
EA     (Angle bend            ): 136.33175023
EBA    (Stretch-bend          ):  -3.15598587
EUB    (Urey Bradley          ):   0.00000000
EAA    (Angle-Angle           ):   0.00000000
EOPB   (Out of plane bend     ):   3.70027735
EOPD   (Out of plane distance ):   0.00000000
EID    (Improper dihedral     ):   0.00000000
EIT    (Improper torsion      ):   0.00000000
ET     (Torsional             ):  38.27774836
EPT    (Pi-system torsion     ):   3.70125192
EBT    (Stretch-torsion       ):   0.00000000
EAT    (Angle torsion         ):   0.00000000
ETT    (Torsion-torsion       ): -23.33097186
EV     (van der Waals         ): 950.84150606
ER     (Pauli Repulsion       ):   0.00000000
EDSP   (dampled dispersion    ):   0.00000000
EC     (charge-charge         ):   0.00000000
ECD    (charge-dipole         ):   0.00000000
ED     (dipole-dipole         ):   0.00000000
EM     (atomic multipole      ): -1125.90286139
EP     (polarization energy   ): -129.15225122
ECT    (Charge transfer       ):   0.00000000
ERXF   (reaction field        ):   0.00000000
ES     (solvation             ):   0.00000000
ELF    (Metal ligand          ):   0.00000000
EG     (Restraint             ):   0.00000000
EX     (Extra                 ):   0.00000000
