EB     (Bond stretch          ): -0.088379602
EA     (Angle bend            ):  -0.03165661
EBA    (Stretch-bend          ):  0.010737028
EUB    (Urey Bradley          ):   0.00632673
EAA    (Angle-Angle           ): 0.0056422819
EOPB   (Out of plane bend     ): -0.00026441627
EOPD   (Out of plane distance ):            0
EID    (Improper dihedral     ): 8.090592e-08
EIT    (Improper torsion      ): 2.4064464e-09
ET     (Torsional             ): 0.0031715336
EPT    (Pi-system torsion     ):            0
EBT    (Stretch-torsion       ):            0
EAT    (Angle torsion         ):            0
ETT    (Torsion-torsion       ):            0
EV     (van der Waals         ):            0
EVQMMM (van der Walls QM/MM   ): 6.3316428e-06
ER     (Pauli Repulsion       ):            0
EDSP   (dampled dispersion    ):            0
EC     (charge-charge         ):            0
ECD    (charge-dipole         ):            0
ED     (dipole-dipole         ):            0
EM     (atomic multipole      ):            0
EP     (polarization energy   ):            0
ECT    (Charge transfer       ):            0
ERXF   (reaction field        ):            0
ES     (solvation             ):            0
ELF    (Metal ligand          ):            0
EG     (Restraint             ):            0
EX     (Extra                 ):            0
ETOT   (Total Energy          ): -0.094422972
